== Caddy vhost extraConfig ==
encode zstd gzip


handle /events {
  reverse_proxy 127.0.0.1:8080 {
    flush_interval -1
  }
}
# The health dashboard subtree (only served when the operator
# enabled dashboard.enable in settings): same unbuffered
# proxying as /events — the dashboard's SSE stream must not
# buffer behind the front.
handle /health/* {
  reverse_proxy 127.0.0.1:8080 {
    flush_interval -1
  }
}
handle {
  reverse_proxy 127.0.0.1:8080
}

== backup script (retentionDays = 7) ==
sqlite3 /var/lib/webphone/webphone.db ".backup '/var/lib/webphone-backup/webphone.db'"
rsync -a --delete /var/lib/webphone/files/ /var/lib/webphone-backup/files/
# Dated history: snapshot today's state under snapshots/,
# hardlinking unchanged blobs against the newest previous
# snapshot (first run has no basis — plain copy; a same-day
# rerun never uses itself as the basis).
today=$(date +%F)
snap="/var/lib/webphone-backup/snapshots/$today"
basis=$(
  find /var/lib/webphone-backup/snapshots -mindepth 1 -maxdepth 1 -type d \
    -name '????-??-??' ! -name "$today" 2>/dev/null | sort | tail -1 || true
)
mkdir -p "$snap"
sqlite3 /var/lib/webphone/webphone.db ".backup '$snap/webphone.db'"
if [ -n "$basis" ]; then
  rsync -a --delete --link-dest="$basis" /var/lib/webphone/files/ "$snap/files/"
else
  rsync -a --delete /var/lib/webphone/files/ "$snap/files/"
fi
# Prune: only the dated directories themselves, never the
# latest top-level snapshot pair, and never anything that
# is not a YYYY-MM-DD name.
find /var/lib/webphone-backup/snapshots -mindepth 1 -maxdepth 1 -type d \
  -name '????-??-??' -mtime +7 \
  -exec rm -rf -- {} +

== settings JSON ==
{"addr":"127.0.0.1:8080","csrf":{"trusted_origins":["https://phone.example.org"],"trusted_proxies":["127.0.0.1"]},"data_dir":"/var/lib/webphone","sip_domain":"pbx.example.org","websocket_path":"/sip"}
